// Jest Snapshot v1, https://goo.gl/fbAQLP

exports[`Article should render a Article match snapshot 1`] = `
.emotion-0 {
  width: 100%;
  height: 100%;
  display: -webkit-box;
  display: -webkit-flex;
  display: -ms-flexbox;
  display: flex;
  -webkit-flex-direction: row;
  -ms-flex-direction: row;
  flex-direction: row;
  text-align: left;
  color: inherit;
  -webkit-text-decoration: none;
  text-decoration: none;
  border-radius: 10px;
  overflow: hidden;
  cursor: pointer;
  background-color: white;
}

@media only screen and (min-width: 640px) {
  .emotion-0 {
    -webkit-flex-direction: column;
    -ms-flex-direction: column;
    flex-direction: column;
  }
}

.emotion-1 {
  background-color: lightgray;
  position: relative;
  width: 35%;
  min-height: 120px;
  max-height: 300px;
  opacity: 1;
}

@media only screen and (min-width: 640px) {
  .emotion-1 {
    width: 100%;
    height: 300px;
    max-height: 300px;
  }
}

.emotion-2 {
  width: 65%;
  margin: 20px;
  opacity: 1;
}

@media only screen and (min-width: 640px) {
  .emotion-2 {
    width: auto;
  }
}

.emotion-3 {
  color: inherit;
  font-weight: bold;
  -webkit-transition: color 0.15s ease;
  transition: color 0.15s ease;
  margin-top: 0;
}

.emotion-3:hover,
.emotion-3:focus,
.emotion-3:active {
  color: #0070f3;
}

.emotion-4 {
  display: -webkit-box;
  display: -webkit-flex;
  display: -ms-flexbox;
  display: flex;
  -webkit-box-pack: justify;
  -webkit-justify-content: space-between;
  justify-content: space-between;
  -webkit-align-items: center;
  -webkit-box-align: center;
  -ms-flex-align: center;
  align-items: center;
}

.emotion-5 {
  display: -webkit-box;
  display: -webkit-flex;
  display: -ms-flexbox;
  display: flex;
  -webkit-align-items: center;
  -webkit-box-align: center;
  -ms-flex-align: center;
  align-items: center;
}

.emotion-6 {
  margin-left: 0;
}

.emotion-7 {
  display: -webkit-box;
  display: -webkit-flex;
  display: -ms-flexbox;
  display: flex;
  -webkit-align-items: center;
  -webkit-box-align: center;
  -ms-flex-align: center;
  align-items: center;
  background-color: grey;
  color: white;
  padding: 5px;
  border-radius: 10px;
  font-size: 0.75rem;
}

<div>
  <a
    class="emotion-0"
    href="/article/undefined"
  >
    <div
      class="emotion-1"
      data-testid="article"
    >
      <span
        style="box-sizing: border-box; display: block; overflow: hidden; background: none; opacity: 1; border: 0px; margin: 0px; padding: 0px; position: absolute; top: 0px; left: 0px; bottom: 0px; right: 0px;"
      >
        <img
          alt="test title"
          class="image"
          data-nimg="fill"
          decoding="async"
          src="data:image/gif;base64,R0lGODlhAQABAIAAAAAAAP///yH5BAEAAAAALAAAAAABAAEAAAIBRAA7"
          style="position: absolute; top: 0px; left: 0px; bottom: 0px; right: 0px; box-sizing: border-box; padding: 0px; margin: auto; display: block; width: 0px; height: 0px; min-width: 100%; max-width: 100%; min-height: 100%; max-height: 100%;"
        />
        <noscript />
      </span>
    </div>
    <div
      class="emotion-2"
    >
      <p
        class="emotion-3"
      >
        test title
      </p>
      <div
        class="emotion-4"
      >
        <div
          class="emotion-5"
        >
          <span
            class="emotion-6"
          >
            Olio user
          </span>
        </div>
        <div
          class="emotion-7"
          data-testid="status"
        />
      </div>
    </div>
  </a>
</div>
`;
