// Jest Snapshot v1, https://goo.gl/fbAQLP

exports[`ArticleDetails should render a ArticleDetails match snapshot 1`] = `
.emotion-0 {
  display: -webkit-box;
  display: -webkit-flex;
  display: -ms-flexbox;
  display: flex;
  -webkit-align-items: center;
  -webkit-box-align: center;
  -ms-flex-align: center;
  align-items: center;
  width: 70%;
  background-color: rgb(240, 238, 238);
  padding: 10px 0;
}

@media only screen and (min-width: 640px) {
  .emotion-0 {
    width: 80%;
  }
}

.emotion-1 {
  border: solid black;
  border-width: 0 2px 2px 0;
  display: inline-block;
  padding: 3px;
  -webkit-transform: rotate(135deg);
  -moz-transform: rotate(135deg);
  -ms-transform: rotate(135deg);
  transform: rotate(135deg);
  margin-right: 10px;
}

.emotion-2 {
  width: 70%;
  height: 100%;
  text-align: left;
  color: inherit;
  -webkit-text-decoration: none;
  text-decoration: none;
  overflow: hidden;
  cursor: pointer;
  background-color: white;
}

@media only screen and (min-width: 640px) {
  .emotion-2 {
    width: 80%;
  }
}

.emotion-3 {
  background-color: lightgray;
  position: relative;
  width: 100%;
  height: 400px;
  max-height: 400px;
}

@media only screen and (min-width: 640px) {
  .emotion-3 {
    height: 600px;
    max-height: 600px;
  }
}

.emotion-4 {
  width: 100%;
  padding: 20px;
}

@media only screen and (min-width: 640px) {
  .emotion-4 {
    width: auto;
  }
}

.emotion-5 {
  color: inherit;
  font-weight: bold;
  margin-top: 0;
}

.emotion-6 {
  display: -webkit-box;
  display: -webkit-flex;
  display: -ms-flexbox;
  display: flex;
  -webkit-box-pack: justify;
  -webkit-justify-content: space-between;
  justify-content: space-between;
  -webkit-align-items: center;
  -webkit-box-align: center;
  -ms-flex-align: center;
  align-items: center;
}

.emotion-7 {
  display: -webkit-box;
  display: -webkit-flex;
  display: -ms-flexbox;
  display: flex;
  -webkit-align-items: center;
  -webkit-box-align: center;
  -ms-flex-align: center;
  align-items: center;
}

.emotion-8 {
  margin-left: 0;
}

.emotion-9 {
  display: -webkit-box;
  display: -webkit-flex;
  display: -ms-flexbox;
  display: flex;
  -webkit-align-items: center;
  -webkit-box-align: center;
  -ms-flex-align: center;
  align-items: center;
  background-color: grey;
  color: white;
  padding: 5px;
  border-radius: 10px;
  font-size: 0.75rem;
}

.emotion-10 {
  width: calc(100% - 40px);
  margin: 0 20px;
  height: 1px;
  border-top: 1px solid lightgrey;
}

.emotion-11 {
  padding: 0 20px 20px;
}

.emotion-12 {
  font-weight: bold;
}

.emotion-13 {
  white-space: pre-wrap;
}

<div>
  <a
    class="emotion-0"
    href="/"
  >
    <i
      class="emotion-1"
    />
     Back
  </a>
  <div
    class="emotion-2"
    data-testid="articleDetails"
  >
    <div
      class="emotion-3"
    >
      <span
        style="box-sizing: border-box; display: block; overflow: hidden; background: none; opacity: 1; border: 0px; margin: 0px; padding: 0px; position: absolute; top: 0px; left: 0px; bottom: 0px; right: 0px;"
      >
        <img
          alt="test title"
          class="image"
          data-nimg="fill"
          decoding="async"
          src="data:image/gif;base64,R0lGODlhAQABAIAAAAAAAP///yH5BAEAAAAALAAAAAABAAEAAAIBRAA7"
          style="position: absolute; top: 0px; left: 0px; bottom: 0px; right: 0px; box-sizing: border-box; padding: 0px; margin: auto; display: block; width: 0px; height: 0px; min-width: 100%; max-width: 100%; min-height: 100%; max-height: 100%;"
        />
        <noscript />
      </span>
    </div>
    <div
      class="emotion-4"
    >
      <h1
        class="emotion-5"
      >
        test title
      </h1>
      <div
        class="emotion-6"
      >
        <div
          class="emotion-7"
        >
          <span
            class="emotion-8"
          >
            Olio user
          </span>
        </div>
        <div
          class="emotion-9"
          data-testid="status"
        />
      </div>
    </div>
    <div
      class="emotion-10"
    />
    <div
      class="emotion-11"
    >
      <p
        class="emotion-12"
      >
        Description:
      </p>
      <div
        class="emotion-13"
        data-testid="description"
      >
        No description
      </div>
    </div>
  </div>
</div>
`;
