// Jest Snapshot v1, https://goo.gl/fbAQLP

exports[`Footer should render a Footer match snapshot 1`] = `
.emotion-0 {
  display: -webkit-box;
  display: -webkit-flex;
  display: -ms-flexbox;
  display: flex;
  -webkit-flex: 1;
  -ms-flex: 1;
  flex: 1;
  padding: 2rem 0;
  border-top: 1px solid #eaeaea;
  -webkit-box-pack: center;
  -ms-flex-pack: center;
  -webkit-justify-content: center;
  justify-content: center;
  -webkit-align-items: center;
  -webkit-box-align: center;
  -ms-flex-align: center;
  align-items: center;
}

.emotion-1 {
  font-weight: bold;
}

<div>
  <footer
    class="emotion-0"
    data-testid="footer"
  >
    <p>
      Developed by 
      <span
        class="emotion-1"
      >
        Patrycja Banaszczyk
      </span>
    </p>
  </footer>
</div>
`;
