// Jest Snapshot v1, https://goo.gl/fbAQLP

exports[`Home should render a Home match snapshot 1`] = `
.emotion-0 {
  margin: 0 20px;
}

@media only screen and (min-width: 640px) {
  .emotion-0 {
    margin: 0 50px;
  }
}

@media (min-width: 896px) {
  .emotion-0 {
    margin: 0 auto;
    max-width: 900px;
  }
}

.emotion-1 {
  min-height: 100vh;
  padding: 50px 0;
  -webkit-flex: 1;
  -ms-flex: 1;
  flex: 1;
  display: -webkit-box;
  display: -webkit-flex;
  display: -ms-flexbox;
  display: flex;
  -webkit-flex-direction: column;
  -ms-flex-direction: column;
  flex-direction: column;
  -webkit-box-pack: center;
  -ms-flex-pack: center;
  -webkit-justify-content: center;
  justify-content: center;
  -webkit-align-items: center;
  -webkit-box-align: center;
  -ms-flex-align: center;
  align-items: center;
}

.emotion-2 {
  margin: 0;
  padding-bottom: 50px;
  line-height: 1.15;
  font-size: 3rem;
}

.emotion-3 {
  display: -webkit-box;
  display: -webkit-flex;
  display: -ms-flexbox;
  display: flex;
  -webkit-flex: 1;
  -ms-flex: 1;
  flex: 1;
  padding: 2rem 0;
  border-top: 1px solid #eaeaea;
  -webkit-box-pack: center;
  -ms-flex-pack: center;
  -webkit-justify-content: center;
  justify-content: center;
  -webkit-align-items: center;
  -webkit-box-align: center;
  -ms-flex-align: center;
  align-items: center;
}

.emotion-4 {
  font-weight: bold;
}

<div>
  <div
    class="emotion-0"
    data-testid="articles"
  >
    <main
      class="emotion-1"
    >
      <h1
        class="emotion-2"
      >
        New Articles
      </h1>
      <p>
        No Articles to show
      </p>
    </main>
    <footer
      class="emotion-3"
      data-testid="footer"
    >
      <p>
        Developed by 
        <span
          class="emotion-4"
        >
          Patrycja Banaszczyk
        </span>
      </p>
    </footer>
  </div>
</div>
`;
